<html>
<body>
<pre>
<h1>猩ision Build Log</h1>
<h2>Project:</h2>
C:\Users\elec-jack\Desktop\PCB Layout(公司單軸螺絲機)\鎖螺絲機電路板程式\MDK-ARM\Project.uvproj
Project File Date:  10/24/2014

<h2>Output:</h2>
Build target 'HY-RedBull V3.0'
compiling main.c...
linking...
Program Size: Code=5252 RO-data=540 RW-data=80 ZI-data=1024  
FromELF: creating hex file...
".\Obj\Project.axf" - 0 Error(s), 0 Warning(s).
</pre>
</body>
</html>
ing stm32f10x_bkp.c...
compiling stm32f10x_can.c...
compiling stm32f10x_cec.c...
compiling stm32f10x_crc.c...
compiling stm32f10x_dac.c...
compiling stm32f10x_dbgmcu.c...
compiling stm32f10x_dma.c...
compiling stm32f10x_exti.c...
compiling stm32f10x_fsmc.c...
compiling stm32f10x_i2c.c...
compiling stm32f10x_iwdg.c...
compiling stm32f10x_pwr.c...
compiling stm32f10x_rtc.c...
compiling stm32f10x_sdio.c...
compiling stm32f10x_spi.c...
compiling stm32f10x_tim.c...
compiling stm32f10x_usart.c...
compiling stm32f10x_wwdg.c...
compiling core_cm3.c...
compiling system_stm32f10x.c...
assembling startup_stm32f10x_hd.s...
compiling sys.c...
compiling delay.c...
compiling led.c...
linking...
Program Size: Code=5236 RO-data=540 RW-data=80 ZI-data=1024  
FromELF: creating hex file...
".\Obj\Project.axf" - 0 Error(s), 0 Warning(s).
